usbd_conf.c:70:6:HAL_PCD_MspInit	24	static
usbd_conf.c:89:6:HAL_PCD_MspDeInit	16	static
usbd_conf.c:116:6:HAL_PCD_SetupStageCallback	16	static
usbd_conf.c:137:6:HAL_PCD_DataOutStageCallback	24	static
usbd_conf.c:158:6:HAL_PCD_DataInStageCallback	16	static
usbd_conf.c:178:6:HAL_PCD_SOFCallback	16	static
usbd_conf.c:198:6:HAL_PCD_ResetCallback	24	static
usbd_conf.c:228:6:HAL_PCD_SuspendCallback	16	static
usbd_conf.c:259:6:HAL_PCD_ResumeCallback	16	static
usbd_conf.c:291:6:HAL_PCD_ISOOUTIncompleteCallback	16	static
usbd_conf.c:312:6:HAL_PCD_ISOINIncompleteCallback	16	static
usbd_conf.c:332:6:HAL_PCD_ConnectCallback	16	static
usbd_conf.c:352:6:HAL_PCD_DisconnectCallback	16	static
usbd_conf.c:377:20:USBD_LL_Init	16	static
usbd_conf.c:440:20:USBD_LL_DeInit	40	static
usbd_conf.c:457:20:USBD_LL_Start	40	static
usbd_conf.c:474:20:USBD_LL_Stop	40	static
usbd_conf.c:494:20:USBD_LL_OpenEP	40	static
usbd_conf.c:512:20:USBD_LL_CloseEP	40	static
usbd_conf.c:530:20:USBD_LL_FlushEP	40	static
usbd_conf.c:548:20:USBD_LL_StallEP	40	static
usbd_conf.c:566:20:USBD_LL_ClearStallEP	40	static
usbd_conf.c:584:9:USBD_LL_IsStallEP	24	static
usbd_conf.c:604:20:USBD_LL_SetUSBAddress	40	static
usbd_conf.c:624:20:USBD_LL_Transmit	48	static
usbd_conf.c:644:20:USBD_LL_PrepareReceive	48	static
usbd_conf.c:662:10:USBD_LL_GetRxDataSize	16	static
usbd_conf.c:676:6:HAL_PCDEx_LPM_Callback	16	static
usbd_conf.c:714:7:USBD_static_malloc	16	static
usbd_conf.c:725:6:USBD_static_free	16	static
usbd_conf.c:735:6:USBD_LL_Delay	16	static
usbd_conf.c:746:13:SystemClockConfig_Resume	8	static
usbd_conf.c:757:20:USBD_Get_USB_Status	24	static
