sm_mqtt_client.h:94:38:sm_mqtt_publics	40	static
sm_mqtt_client.h:97:38:sm_mqtt_subscribes	24	static
sm_mqtt_client.h:100:38:sm_mqtt_unsubscribes	16	static
sm_device_shadown.c:31:9:sm_iot_init	24	static
sm_device_shadown.c:44:25:iot_device_new	32	static
sm_device_shadown.c:72:9:sm_iot_device_add	32	static
sm_device_shadown.c:105:9:sm_iot_device_remove	24	static
sm_device_shadown.c:132:9:sm_iot_device_delete_all	24	static
sm_device_shadown.c:145:9:sm_iot_device_connect	24	static
sm_device_shadown.c:166:9:sm_iot_device_disconnect	24	static
sm_device_shadown.c:184:25:iot_device_search	16	static
sm_device_shadown.c:196:18:sm_iot_device_search	16	static
sm_device_shadown.c:202:9:sm_iot_process	16	static
sm_device_shadown.c:206:9:sm_iot_deinit	16	static
sm_device_shadown.c:215:13:mqtt_event	24	static
sm_device_shadown.c:249:9:sm_iot_get	48	static
sm_device_shadown.c:258:9:sm_iot_update	48	static
sm_device_shadown.c:267:9:sm_iot_delete	32	static
sm_device_shadown.c:275:13:sm_iot_device_handle	16	static
sm_device_shadown.c:342:6:sm_iot_device_get_connected	24	static
