CO_utils.h:27:20:CO_memcpy	32	static
CO_config.h:56:20:CO_detect_error	8	static
CO_OD_sign.h:48:20:CO_OD_SIGN_set_crc16_comm_para	16	static
CO_OD_sign.h:52:20:CO_OD_SIGN_set_crc16_app_para	16	static
CO_OD_sign.h:56:20:CO_OD_SIGN_set_sw_ver	16	static
CO_OD_sign.h:63:24:CO_OD_SIGN_get_crc16_comm_para	16	static
CO_OD_sign.h:67:24:CO_OD_SIGN_get_crc16_app_para	16	static
CO_OD.h:171:24:CO_OD_get_number	16	static
CO_OD_storage.h:93:20:CO_OD_STORAGE_update_crc16_comm_from_data_in_ram	32	static
CO_OD_storage.h:99:20:CO_OD_STORAGE_update_crc16_app_from_data_in_ram	32	static
CO_OD_storage.c:30:13:co_load_sign_from_flash	16	static
CO_OD_storage.c:36:13:co_check_crc16_from_data_in_flash_is_valid	40	static
CO_OD_storage.c:45:13:co_check_sign_is_valid	16	static
CO_OD_storage.c:57:13:co_process_when_reset	48	static
CO_OD_storage.c:114:20:co_load_comm_para_from_flash	16	static
CO_OD_storage.c:118:20:co_load_app_para_from_flash	24	static
CO_OD_storage.c:124:20:co_copy_temp_data_to_operating_data	40	static
CO_OD_storage.c:152:6:CO_OD_STORAGE_init	40	static
CO_OD_storage.c:206:8:CO_OD_STORAGE_save_sign_to_flash	32	static
CO_OD_storage.c:222:8:CO_OD_STORAGE_save_comm_para_to_flash	32	static
CO_OD_storage.c:231:8:CO_OD_STORAGE_save_app_para_to_flash	32	static
