CO_utils.h:27:20:CO_memcpy	32	static
CO_utils.h:45:24:CO_getUint16	24	static
CO_utils.h:52:24:CO_getUint32	24	static
CO_utils.h:68:20:CO_setUint32	24	static
CO_CAN_Msg.h:112:20:CO_CAN_send	16	static
CO_OD.h:184:30:CO_OD_get_sub_object_pointer	16	static
CO_SDO.h:168:20:CO_SDO_reset_tx_abort_code	16	static
CO_SDO.h:186:20:CO_SDOtimeout_reset_and_activate	16	static
CO_SDO.h:191:20:CO_SDOtimeout_reset_and_inactivate	16	static
CO_SDO.h:196:20:CO_SDOtimeout_increase	16	static
CO_SDO.h:201:20:CO_SDOtimeout_is_timeout	16	static
CO_SDO.h:206:20:CO_SDOtimeout_is_activated	16	static
CO_SDOserver.c:61:6:CO_SDOserver_init	24	static
CO_SDOserver.c:99:6:CO_SDOserver_process	16	static
CO_SDOserver.c:104:31:CO_SDOserver_process_	32	static
CO_SDOserver.c:186:6:CO_SDOserver_set_node_id	32	static
CO_SDOserver.c:195:30:CO_SDOserver_get_sub_object_pointer	24	static
CO_SDOserver.c:215:31:CO_SDOserver_process_first_msg_and_set_state	24	static
CO_SDOserver.c:268:31:CO_SDOserver_download_initiate_response_handle	32	static
CO_SDOserver.c:377:31:CO_SDOserver_download_segment_handle	40	static
CO_SDOserver.c:495:31:CO_SDOserver_upload_initiate_response_handle	24	static
CO_SDOserver.c:532:31:CO_SDOserver_upload_segment_handle	40	static
CO_SDOserver.c:591:13:CO_SDOserver_process_init_transfer_msg	16	static
CO_SDOserver.c:601:13:co_sdoserver_copy_shadow_data_to_operating_data	16	static
