CO_utils.h:27:20:CO_memcpy	32	static
CO_utils.h:45:24:CO_getUint16	24	static
CO_utils.h:52:24:CO_getUint32	24	static
CO_utils.h:68:20:CO_setUint32	24	static
CO_CAN_Msg.h:112:20:CO_CAN_send	16	static
CO_SYNC.h:62:20:CO_SYNC_is_match_sync_mask_reg	16	static
CO_SDO.h:186:20:CO_SDOtimeout_reset_and_activate	16	static
CO_SDO.h:191:20:CO_SDOtimeout_reset_and_inactivate	16	static
CO_SDO.h:196:20:CO_SDOtimeout_increase	16	static
CO_SDO.h:201:20:CO_SDOtimeout_is_timeout	16	static
CO_SDO.h:206:20:CO_SDOtimeout_is_activated	16	static
CO_SDOclient.c:54:6:CO_SDOclient_init	24	static
CO_SDOclient.c:103:6:CO_SDOclient_start_download	24	static
CO_SDOclient.c:139:6:CO_SDOclient_start_upload	24	static
CO_SDOclient.c:162:6:CO_SDOclient_process	32	static
CO_SDOclient.c:172:31:CO_SDOclient_process_	32	static
CO_SDOclient.c:259:31:CO_SDOclient_download_initiate_request_handle	24	static
CO_SDOclient.c:291:31:CO_SDOclient_download_initiate_response_handle	40	static
CO_SDOclient.c:350:31:CO_SDOclient_download_segment_handle	40	static
CO_SDOclient.c:408:31:CO_SDOclient_upload_initiate_request_handle	24	static
CO_SDOclient.c:423:31:CO_SDOclient_upload_initiate_response_handle	32	static
CO_SDOclient.c:487:31:CO_SDOclient_upload_segment_handle	32	static
CO_SDOclient.c:546:20:CO_SDOclient_is_in_sync_window_len	24	static
CO_SDOclient.c:561:13:CO_SDOclient_process_init_transfer_msg	16	static
