sm_ec200s.c:6:6:sm_ec200s_init	32	static
sm_ec200s.c:46:6:sm_ec200s_deinit	16	static
sm_ec200s.c:50:9:sm_ec200s_sync	32	static
sm_ec200s.c:54:9:sm_ec200s_echo_mode	32	static
sm_ec200s.c:61:9:sm_ec200s_set_pin	168	static
sm_ec200s.c:71:9:sm_ec200s_get_pin	32	static
sm_ec200s.c:75:9:sm_ec200s_get_signal	40	static
sm_ec200s.c:85:9:sm_ec200s_get_name	40	static
sm_ec200s.c:94:9:sm_ec200s_get_funtion	32	static
sm_ec200s.c:98:9:sm_ec200s_set_apn	296	static
sm_ec200s.c:104:9:sm_ec200s_get_network_reg	32	static
sm_ec200s.c:109:9:sm_ec200s_get_simNb	40	static
sm_ec200s.c:120:9:sm_ec200s_get_ip	40	static
sm_ec200s.c:136:9:sm_ec200s_open_mqtt	560	static
sm_ec200s.c:150:9:sm_ec200s_connect_mqtt	560	static
sm_ec200s.c:165:9:sm_ec200s_disconnect_mqtt	40	static
sm_ec200s.c:170:9:sm_ec200s_close_mqtt	40	static
sm_ec200s.c:175:9:sm_ec200s_public_mqtt	568	static
sm_ec200s.c:189:9:sm_ec200s_subscribes_mqtt	568	static
sm_ec200s.c:197:9:sm_ec200s_unsubscribes_mqtt	560	static
sm_ec200s.c:205:9:sm_ec200s_data_iscomming_mqtt	80	static
sm_ec200s.c:258:9:sm_ec200_http_open	296	static
sm_ec200s.c:264:9:sm_ec200_http_close	32	static
sm_ec200s.c:268:9:sm_ec200_http_write	168	static
sm_ec200s.c:281:10:sm_ec200_http_read	176	static
