sm_ec200s.c:6:6:sm_ec200s_init	32	static
sm_ec200s.c:41:6:sm_ec200s_deinit	16	static
sm_ec200s.c:45:9:sm_ec200s_sync	32	static
sm_ec200s.c:49:9:sm_ec200s_echo_mode	32	static
sm_ec200s.c:56:9:sm_ec200s_set_pin	168	static
sm_ec200s.c:66:9:sm_ec200s_get_pin	32	static
sm_ec200s.c:70:9:sm_ec200s_get_signal	40	static
sm_ec200s.c:80:9:sm_ec200s_get_name	40	static
sm_ec200s.c:89:9:sm_ec200s_get_funtion	32	static
sm_ec200s.c:93:9:sm_ec200s_set_apn	296	static
sm_ec200s.c:99:9:sm_ec200s_get_network_reg	32	static
sm_ec200s.c:104:9:sm_ec200s_get_simNb	40	static
sm_ec200s.c:114:9:sm_ec200s_get_ip	40	static
sm_ec200s.c:130:9:sm_ec200s_open_mqtt	560	static
sm_ec200s.c:144:9:sm_ec200s_connect_mqtt	560	static
sm_ec200s.c:159:9:sm_ec200s_disconnect_mqtt	40	static
sm_ec200s.c:164:9:sm_ec200s_close_mqtt	40	static
sm_ec200s.c:169:9:sm_ec200s_public_mqtt	568	static
sm_ec200s.c:183:9:sm_ec200s_subscribes_mqtt	568	static
sm_ec200s.c:191:9:sm_ec200s_unsubscribes_mqtt	560	static
sm_ec200s.c:199:9:sm_ec200s_data_iscomming_mqtt	80	static
sm_ec200s.c:253:9:sm_ec200_http_open	296	static
sm_ec200s.c:260:9:sm_ec200_http_close	32	static
sm_ec200s.c:264:9:sm_ec200_http_write	168	static
sm_ec200s.c:277:10:sm_ec200_http_read	176	static
