sm_bsp_spi.h:65:23:sm_bsp_spi_read	24	static
sm_bsp_spi.h:78:23:sm_bsp_spi_write	24	static
sm_bsp_spi.h:92:23:sm_bsp_spi_write_read	32	static
sm_bsp_spi.h:103:23:sm_bsp_spi_open	16	static
sm_spi_flash.c:85:9:W25qxx_Spi	32	static
sm_spi_flash.c:94:10:W25qxx_ReadID	32	static
sm_spi_flash.c:106:6:W25qxx_ReadUniqID	32	static
sm_spi_flash.c:120:6:W25qxx_WriteEnable	16	static
sm_spi_flash.c:126:6:W25qxx_WriteDisable	16	static
sm_spi_flash.c:133:9:W25qxx_ReadStatusRegister	32	static
sm_spi_flash.c:153:6:W25qxx_WriteStatusRegister	16	static
sm_spi_flash.c:169:6:W25qxx_WaitForWriteEnd	16	static
sm_spi_flash.c:180:6:W25qxx_Begin	24	static
sm_spi_flash.c:187:6:W25qxx_Init	24	static
sm_spi_flash.c:306:6:W25qxx_EraseChip	16	static
sm_spi_flash.c:325:6:W25qxx_EraseSector	16	static
sm_spi_flash.c:354:6:W25qxx_EraseBlock	16	static
sm_spi_flash.c:386:10:W25qxx_PageToSector	16	static
sm_spi_flash.c:389:10:W25qxx_PageToBlock	16	static
sm_spi_flash.c:392:10:W25qxx_SectorToBlock	16	static
sm_spi_flash.c:395:10:W25qxx_SectorToPage	16	static
sm_spi_flash.c:398:10:W25qxx_BlockToPage	16	static
sm_spi_flash.c:402:6:W25qxx_IsEmptyPage	80	static
sm_spi_flash.c:469:6:W25qxx_IsEmptySector	80	static
sm_spi_flash.c:541:6:W25qxx_IsEmptyBlock	80	static
sm_spi_flash.c:615:6:W25qxx_WriteByte	24	static
sm_spi_flash.c:645:6:W25qxx_WritePage	24	static
sm_spi_flash.c:694:6:W25qxx_WriteSector	56	static
sm_spi_flash.c:733:6:W25qxx_WriteBlock	56	static
sm_spi_flash.c:773:6:W25qxx_ReadByte	24	static
sm_spi_flash.c:803:6:W25qxx_ReadBytes	24	static
sm_spi_flash.c:847:6:W25qxx_ReadPage	24	static
sm_spi_flash.c:896:6:W25qxx_ReadSector	56	static
sm_spi_flash.c:935:6:W25qxx_ReadBlock	56	static
sm_spi_flash.c:974:6:W25qxx_read_bytes	24	static
sm_spi_flash.c:977:6:W25qxx_write_bytes	24	static
sm_spi_flash.c:980:6:W25qxx_writeread	24	static
sm_spi_flash.c:983:6:W25qxx_cs_assert	16	static
sm_spi_flash.c:986:6:W25qxx_cs_unassert	16	static
sm_spi_flash.c:990:6:read_flash	48	static
sm_spi_flash.c:1015:6:write_flash	48	static
