sm_assign.h:48:33:sm_assign_get_state	16	static
sm_sbp.h:109:23:sm_sbp_on_charge	16	static
sm_sbp.h:120:23:sm_sbp_on_discharge	16	static
sm_sbp.h:130:23:sm_sbp_turn_on	16	static
sm_sbp.h:135:23:sm_sbp_turn_off	16	static
sm_sbp.h:140:23:sm_sbp_start_balancing	16	static
sm_sbp.h:145:23:sm_sbp_stop_balancing	16	static
sm_sbp.h:150:23:sm_sbp_shutdown	16	static
sm_sbp.h:155:20:sm_sbp_id_selected	16	static
sm_sbp.h:161:20:sm_sbp_key_hold_on	16	static
sm_sbp.c:55:8:sm_sbp_new	16	static
sm_sbp.c:78:6:sm_sbp_process	32	static
sm_sbp.c:188:11:sm_sbp_get_state	24	static
sm_sbp.c:193:6:sm_sbp_set_state	24	static
sm_sbp.c:238:6:sm_sbp_set_if	16	static
sm_sbp.c:242:10:sm_sbp_get_hw_version	24	static
sm_sbp.c:248:10:sm_sbp_get_sw_version	24	static
sm_sbp.c:254:7:sm_sbp_get_serial_number	24	static
sm_sbp.c:260:6:sm_sbp_set_serial_number	24	static
sm_sbp.c:265:10:sm_sbp_get_voltage	24	static
sm_sbp.c:270:9:sm_sbp_get_current	24	static
sm_sbp.c:275:7:sm_sbp_get_soc	24	static
sm_sbp.c:280:6:sm_sbp_set_soc	24	static
sm_sbp.c:285:7:sm_sbp_get_soh	24	static
sm_sbp.c:290:6:sm_sbp_set_soh	24	static
sm_sbp.c:295:10:sm_sbp_get_cycles	24	static
sm_sbp.c:300:6:sm_sbp_set_cycles	24	static
sm_sbp.c:305:9:sm_sbp_get_temp	24	static
sm_sbp.c:311:6:sm_sbp_set_temp	32	static
sm_sbp.c:318:6:sm_sbp_set_voltage	24	static
sm_sbp.c:323:6:sm_sbp_set_current	24	static
sm_sbp.c:328:6:sm_sbp_set_bat_status	16	static
sm_sbp.c:332:10:sm_sbp_get_bat_status	16	static
sm_sbp.c:337:6:sm_sbp_set_fet_status	16	static
sm_sbp.c:341:10:sm_sbp_get_fet_status	16	static
sm_sbp.c:345:6:sm_sbp_set_LD_vol	16	static
sm_sbp.c:349:10:sm_sbp_get_LD_vol	16	static
